// Vitest Snapshot v1, https://vitest.dev/guide/snapshot.html

exports[`MUDUR_PERMISSIONS fixture > snapshot 1`] = `
[
  {
    "action": "create",
    "resource": "homework",
    "scope": "own",
    "source": "role",
  },
  {
    "action": "read",
    "resource": "homework",
    "scope": "school",
    "source": "role",
  },
  {
    "action": "update",
    "resource": "homework",
    "scope": "own",
    "source": "role",
  },
  {
    "action": "delete",
    "resource": "homework",
    "scope": "own",
    "source": "role",
  },
  {
    "action": "create",
    "resource": "attendance",
    "scope": "own",
    "source": "role",
  },
  {
    "action": "read",
    "resource": "attendance",
    "scope": "own",
    "source": "role",
  },
  {
    "action": "update",
    "resource": "attendance",
    "scope": "own",
    "source": "role",
  },
  {
    "action": "create",
    "resource": "curriculum",
    "scope": "own",
    "source": "role",
  },
  {
    "action": "read",
    "resource": "curriculum",
    "scope": "school",
    "source": "role",
  },
  {
    "action": "update",
    "resource": "curriculum",
    "scope": "own",
    "source": "role",
  },
  {
    "action": "read",
    "resource": "students",
    "scope": "school",
    "source": "role",
  },
  {
    "action": "create",
    "resource": "students",
    "scope": "school",
    "source": "role",
  },
  {
    "action": "delete",
    "resource": "students",
    "scope": "school",
    "source": "role",
  },
  {
    "action": "read",
    "resource": "classes",
    "scope": "school",
    "source": "role",
  },
  {
    "action": "create",
    "resource": "export",
    "scope": "own",
    "source": "role",
  },
  {
    "action": "create",
    "resource": "notes",
    "scope": "own",
    "source": "role",
  },
  {
    "action": "read",
    "resource": "notes",
    "scope": "own",
    "source": "role",
  },
  {
    "action": "update",
    "resource": "notes",
    "scope": "own",
    "source": "role",
  },
  {
    "action": "delete",
    "resource": "notes",
    "scope": "own",
    "source": "role",
  },
  {
    "action": "create",
    "resource": "zumre",
    "scope": "school",
    "source": "role",
  },
  {
    "action": "read",
    "resource": "zumre",
    "scope": "school",
    "source": "role",
  },
  {
    "action": "update",
    "resource": "zumre",
    "scope": "school",
    "source": "role",
  },
  {
    "action": "delete",
    "resource": "zumre",
    "scope": "school",
    "source": "role",
  },
  {
    "action": "manage",
    "resource": "zumre",
    "scope": "school",
    "source": "role",
  },
  {
    "action": "create",
    "resource": "exam",
    "scope": "school",
    "source": "role",
  },
  {
    "action": "read",
    "resource": "exam",
    "scope": "school",
    "source": "role",
  },
  {
    "action": "update",
    "resource": "exam",
    "scope": "school",
    "source": "role",
  },
  {
    "action": "delete",
    "resource": "exam",
    "scope": "school",
    "source": "role",
  },
  {
    "action": "update",
    "resource": "homework",
    "scope": "school",
    "source": "role",
  },
  {
    "action": "delete",
    "resource": "homework",
    "scope": "school",
    "source": "role",
  },
  {
    "action": "create",
    "resource": "classes",
    "scope": "school",
    "source": "role",
  },
  {
    "action": "delete",
    "resource": "classes",
    "scope": "school",
    "source": "role",
  },
  {
    "action": "create",
    "resource": "users",
    "scope": "school",
    "source": "role",
  },
  {
    "action": "read",
    "resource": "users",
    "scope": "school",
    "source": "role",
  },
  {
    "action": "update",
    "resource": "users",
    "scope": "school",
    "source": "role",
  },
  {
    "action": "delete",
    "resource": "users",
    "scope": "school",
    "source": "role",
  },
  {
    "action": "read",
    "resource": "school",
    "scope": "school",
    "source": "role",
  },
  {
    "action": "update",
    "resource": "curriculum",
    "scope": "school",
    "source": "role",
  },
  {
    "action": "read",
    "resource": "attendance",
    "scope": "school",
    "source": "role",
  },
  {
    "action": "manage",
    "resource": "users",
    "scope": "school",
    "source": "role",
  },
  {
    "action": "update",
    "resource": "school",
    "scope": "school",
    "source": "role",
  },
  {
    "action": "manage",
    "resource": "school",
    "scope": "school",
    "source": "role",
  },
  {
    "action": "read",
    "resource": "notes",
    "scope": "school",
    "source": "role",
  },
]
`;
